#
# There is insufficient memory for the Java Runtime Environment to continue.
# Native memory allocation (malloc) failed to allocate 909696 bytes. Error detail: Chunk::new
# Possible reasons:
#   The system is out of physical RAM or swap space
#   This process is running with CompressedOops enabled, and the Java Heap may be blocking the growth of the native heap
# Possible solutions:
#   Reduce memory load on the system
#   Increase physical memory or swap space
#   Check if swap backing store is full
#   Decrease Java heap size (-Xmx/-Xms)
#   Decrease number of Java threads
#   Decrease Java thread stack sizes (-Xss)
#   Set larger code cache with -XX:ReservedCodeCacheSize=
#   JVM is running with Unscaled Compressed Oops mode in which the Java heap is
#     placed in the first 4GB address space. The Java Heap base address is the
#     maximum limit for the native heap growth. Please use -XX:HeapBaseMinAddress
#     to set the Java Heap base and to place the Java Heap above 4GB virtual address.
# This output file may be truncated or incomplete.
#
#  Out of Memory Error (arena.cpp:168), pid=1580, tid=22020
#
# JRE version: OpenJDK Runtime Environment Temurin-21.0.12.1+1 (21.0.12.1+1) (build 21.0.12.1+1-LTS)
# Java VM: OpenJDK 64-Bit Server VM Temurin-21.0.12.1+1 (21.0.12.1+1-LTS, mixed mode, sharing, tiered, compressed oops, compressed class ptrs, g1 gc, windows-amd64)
# No core dump will be written. Minidumps are not enabled by default on client versions of Windows
#

---------------  S U M M A R Y ------------

Command Line: --add-opens=java.base/java.lang=ALL-UNNAMED --add-opens=java.base/java.lang.invoke=ALL-UNNAMED --add-opens=java.base/java.util=ALL-UNNAMED --add-opens=java.prefs/java.util.prefs=ALL-UNNAMED --add-exports=jdk.compiler/com.sun.tools.javac.api=ALL-UNNAMED --add-exports=jdk.compiler/com.sun.tools.javac.util=ALL-UNNAMED --add-opens=java.base/java.util=ALL-UNNAMED --add-opens=java.prefs/java.util.prefs=ALL-UNNAMED --add-opens=java.base/java.nio.charset=ALL-UNNAMED --add-opens=java.base/java.net=ALL-UNNAMED --add-opens=java.base/java.util.concurrent=ALL-UNNAMED --add-opens=java.base/java.util.concurrent.atomic=ALL-UNNAMED --add-opens=java.xml/javax.xml.namespace=ALL-UNNAMED --add-opens=java.base/java.time=ALL-UNNAMED -Xmx2048m -Dfile.encoding=UTF-8 -Duser.country=ID -Duser.language=en -Duser.variant -javaagent:C:\Users\M_irv\.gradle\wrapper\dists\gradle-9.4.1-bin\arn2x92ynaizyzdaamcbpbhtj\gradle-9.4.1\lib\agents\gradle-instrumentation-agent-9.4.1.jar org.gradle.launcher.daemon.bootstrap.GradleDaemon 9.4.1

Host: AMD Ryzen 3 3250U with Radeon Graphics         , 4 cores, 5G,  Windows 11 , 64 bit Build 26100 (10.0.26100.9444)
Time: Thu Oct  1 21:30:51 2026 SE Asia Standard Time elapsed time: 184.153813 seconds (0d 0h 3m 4s)

---------------  T H R E A D  ---------------

Current thread (0x00000235b6daeb80):  JavaThread "C2 CompilerThread0" daemon [_thread_in_native, id=22020, stack(0x0000008cc8200000,0x0000008cc8300000) (1024K)]


Current CompileTask:
C2:184154 11012       4       org.gradle.internal.instantiation.generator.AbstractClassGenerator::inspectType (602 bytes)

Stack: [0x0000008cc8200000,0x0000008cc8300000]
Native frames: (J=compiled Java code, j=interpreted, Vv=VM code, C=native code)
V  [jvm.dll+0x6d83e9]
V  [jvm.dll+0x8b5736]
V  [jvm.dll+0x8b7cee]
V  [jvm.dll+0x8b83d3]
V  [jvm.dll+0x284596]
V  [jvm.dll+0xc685d]
V  [jvm.dll+0xc6da1]
V  [jvm.dll+0x2fb5ae]
V  [jvm.dll+0x5fee94]
V  [jvm.dll+0x255d67]
V  [jvm.dll+0x24ddab]
V  [jvm.dll+0x24bbe6]
V  [jvm.dll+0x1cb4ae]
V  [jvm.dll+0x25baad]
V  [jvm.dll+0x25a03a]
V  [jvm.dll+0x3f8aae]
V  [jvm.dll+0x8600cd]
V  [jvm.dll+0x6d6c1d]
C  [ucrtbase.dll+0x2cd30]
C  [KERNEL32.DLL+0x2cd87]
C  [ntdll.dll+0xacaec]


---------------  P R O C E S S  ---------------

Threads class SMR info:
_java_thread_list=0x00000235ffdca620, length=40, elements={
0x000002359dc77aa0, 0x00000235b6d9fc90, 0x00000235b6da1410, 0x00000235b6da36c0,
0x00000235b6da6130, 0x00000235b6da9380, 0x00000235b6da9de0, 0x00000235b6daeb80,
0x00000235b6db3d90, 0x00000235fc1a8f40, 0x00000235fc1fa6c0, 0x00000235fd612c80,
0x00000235fcfb1af0, 0x00000235fd5ad620, 0x00000235fc083510, 0x00000235fc437880,
0x00000235fc450580, 0x00000235fc311a10, 0x00000235fd156410, 0x00000235fd156aa0,
0x00000235fd1577c0, 0x00000235fd157130, 0x00000235fd157e50, 0x00000235fd1584e0,
0x00000235fd155060, 0x00000235fe1c6900, 0x00000235fe1c7620, 0x00000235fe1ca410,
0x00000235fe1c8340, 0x00000235fe1c9d80, 0x00000235fe1c6f90, 0x00000235fe1c89d0,
0x00000235fe1c9060, 0x00000235fe1c7cb0, 0x00000235fe1cb7c0, 0x00000235fe1cdf20,
0x00000235fe1cc4e0, 0x00000235fe1ccb70, 0x00000235ff3485e0, 0x00000235ff34e850
}

Java Threads: ( => current thread )
  0x000002359dc77aa0 JavaThread "main"                              [_thread_blocked, id=22888, stack(0x0000008cc7400000,0x0000008cc7500000) (1024K)]
  0x00000235b6d9fc90 JavaThread "Reference Handler"          daemon [_thread_blocked, id=11404, stack(0x0000008cc7c00000,0x0000008cc7d00000) (1024K)]
  0x00000235b6da1410 JavaThread "Finalizer"                  daemon [_thread_blocked, id=27560, stack(0x0000008cc7d00000,0x0000008cc7e00000) (1024K)]
  0x00000235b6da36c0 JavaThread "Signal Dispatcher"          daemon [_thread_blocked, id=17740, stack(0x0000008cc7e00000,0x0000008cc7f00000) (1024K)]
  0x00000235b6da6130 JavaThread "Attach Listener"            daemon [_thread_blocked, id=16664, stack(0x0000008cc7f00000,0x0000008cc8000000) (1024K)]
  0x00000235b6da9380 JavaThread "Service Thread"             daemon [_thread_blocked, id=19088, stack(0x0000008cc8000000,0x0000008cc8100000) (1024K)]
  0x00000235b6da9de0 JavaThread "Monitor Deflation Thread"   daemon [_thread_blocked, id=26892, stack(0x0000008cc8100000,0x0000008cc8200000) (1024K)]
=>0x00000235b6daeb80 JavaThread "C2 CompilerThread0"         daemon [_thread_in_native, id=22020, stack(0x0000008cc8200000,0x0000008cc8300000) (1024K)]
  0x00000235b6db3d90 JavaThread "C1 CompilerThread0"         daemon [_thread_blocked, id=24512, stack(0x0000008cc8300000,0x0000008cc8400000) (1024K)]
  0x00000235fc1a8f40 JavaThread "Common-Cleaner"             daemon [_thread_blocked, id=5056, stack(0x0000008cc8400000,0x0000008cc8500000) (1024K)]
  0x00000235fc1fa6c0 JavaThread "Notification Thread"        daemon [_thread_blocked, id=7668, stack(0x0000008cc8500000,0x0000008cc8600000) (1024K)]
  0x00000235fd612c80 JavaThread "Daemon health stats"               [_thread_blocked, id=10164, stack(0x0000008cc8900000,0x0000008cc8a00000) (1024K)]
  0x00000235fcfb1af0 JavaThread "Incoming local TCP Connector on port 64977"        [_thread_in_native, id=8240, stack(0x0000008cc8a00000,0x0000008cc8b00000) (1024K)]
  0x00000235fd5ad620 JavaThread "Daemon periodic checks"            [_thread_blocked, id=2124, stack(0x0000008cc8b00000,0x0000008cc8c00000) (1024K)]
  0x00000235fc083510 JavaThread "Daemon"                            [_thread_blocked, id=14420, stack(0x0000008cc8c00000,0x0000008cc8d00000) (1024K)]
  0x00000235fc437880 JavaThread "Handler for socket connection from /127.0.0.1:64977 to /127.0.0.1:64978"        [_thread_in_native, id=2132, stack(0x0000008cc8d00000,0x0000008cc8e00000) (1024K)]
  0x00000235fc450580 JavaThread "Cancel handler"                    [_thread_blocked, id=18264, stack(0x0000008cc8e00000,0x0000008cc8f00000) (1024K)]
  0x00000235fc311a10 JavaThread "Daemon worker"                     [_thread_in_vm, id=19876, stack(0x0000008cc8f00000,0x0000008cc9000000) (1024K)]
  0x00000235fd156410 JavaThread "Asynchronous log dispatcher for DefaultDaemonConnection: socket connection from /127.0.0.1:64977 to /127.0.0.1:64978"        [_thread_blocked, id=7744, stack(0x0000008cc9000000,0x0000008cc9100000) (1024K)]
  0x00000235fd156aa0 JavaThread "Stdin handler"                     [_thread_blocked, id=14496, stack(0x0000008cc9100000,0x0000008cc9200000) (1024K)]
  0x00000235fd1577c0 JavaThread "Daemon client event forwarder"        [_thread_blocked, id=25368, stack(0x0000008cc9200000,0x0000008cc9300000) (1024K)]
  0x00000235fd157130 JavaThread "Cache worker for journal cache (C:\Users\M_irv\.gradle\caches\journal-1)"        [_thread_blocked, id=25400, stack(0x0000008cc9300000,0x0000008cc9400000) (1024K)]
  0x00000235fd157e50 JavaThread "File lock request listener"        [_thread_in_native, id=9472, stack(0x0000008cc9400000,0x0000008cc9500000) (1024K)]
  0x00000235fd1584e0 JavaThread "Cache worker for file hash cache (C:\Users\M_irv\.gradle\caches\9.4.1\fileHashes)"        [_thread_blocked, id=8868, stack(0x0000008cc9500000,0x0000008cc9600000) (1024K)]
  0x00000235fd155060 JavaThread "File lock release action executor"        [_thread_blocked, id=5656, stack(0x0000008cc9600000,0x0000008cc9700000) (1024K)]
  0x00000235fe1c6900 JavaThread "Cache worker for file hash cache (C:\Users\M_irv\Desktop\UlasBuku\.gradle\9.4.1\fileHashes)"        [_thread_blocked, id=10872, stack(0x0000008cc9700000,0x0000008cc9800000) (1024K)]
  0x00000235fe1c7620 JavaThread "Cache worker for Build Output Cleanup Cache (C:\Users\M_irv\Desktop\UlasBuku\.gradle\buildOutputCleanup)"        [_thread_blocked, id=18324, stack(0x0000008cc9800000,0x0000008cc9900000) (1024K)]
  0x00000235fe1ca410 JavaThread "File watcher server"        daemon [_thread_in_native, id=12260, stack(0x0000008cc9900000,0x0000008cc9a00000) (1024K)]
  0x00000235fe1c8340 JavaThread "File watcher consumer"      daemon [_thread_blocked, id=3304, stack(0x0000008cc9a00000,0x0000008cc9b00000) (1024K)]
  0x00000235fe1c9d80 JavaThread "Cache worker for file content cache (C:\Users\M_irv\.gradle\caches\9.4.1\fileContent)"        [_thread_blocked, id=11076, stack(0x0000008cc9b00000,0x0000008cc9c00000) (1024K)]
  0x00000235fe1c6f90 JavaThread "Cache worker for checksums cache (C:\Users\M_irv\Desktop\UlasBuku\.gradle\9.4.1\checksums)"        [_thread_blocked, id=10452, stack(0x0000008cc9c00000,0x0000008cc9d00000) (1024K)]
  0x00000235fe1c89d0 JavaThread "Cache worker for cache directory md-supplier (C:\Users\M_irv\.gradle\caches\9.4.1\md-supplier)"        [_thread_blocked, id=13292, stack(0x0000008cc9d00000,0x0000008cc9e00000) (1024K)]
  0x00000235fe1c9060 JavaThread "Cache worker for cache directory md-rule (C:\Users\M_irv\.gradle\caches\9.4.1\md-rule)"        [_thread_blocked, id=4964, stack(0x0000008cc9e00000,0x0000008cc9f00000) (1024K)]
  0x00000235fe1c7cb0 JavaThread "Build operations"                  [_thread_blocked, id=20496, stack(0x0000008cc9f00000,0x0000008cca000000) (1024K)]
  0x00000235fe1cb7c0 JavaThread "Build operations Thread 2"         [_thread_blocked, id=15940, stack(0x0000008cca000000,0x0000008cca100000) (1024K)]
  0x00000235fe1cdf20 JavaThread "Build operations Thread 3"         [_thread_blocked, id=24392, stack(0x0000008cca100000,0x0000008cca200000) (1024K)]
  0x00000235fe1cc4e0 JavaThread "Build operations Thread 4"         [_thread_blocked, id=16804, stack(0x0000008cca200000,0x0000008cca300000) (1024K)]
  0x00000235fe1ccb70 JavaThread "Memory manager"                    [_thread_blocked, id=8152, stack(0x0000008cca300000,0x0000008cca400000) (1024K)]
  0x00000235ff3485e0 JavaThread "build event listener"              [_thread_blocked, id=16428, stack(0x0000008cca400000,0x0000008cca500000) (1024K)]
  0x00000235ff34e850 JavaThread "pool-3-thread-1"                   [_thread_blocked, id=13720, stack(0x0000008cc7200000,0x0000008cc7300000) (1024K)]
Total: 40

Other Threads:
  0x00000235b6d80340 VMThread "VM Thread"                           [id=4768, stack(0x0000008cc7b00000,0x0000008cc7c00000) (1024K)]
  0x00000235b6d6fa00 WatcherThread "VM Periodic Task Thread"        [id=10716, stack(0x0000008cc7a00000,0x0000008cc7b00000) (1024K)]
  0x000002359ff453e0 WorkerThread "GC Thread#0"                     [id=21468, stack(0x0000008cc7500000,0x0000008cc7600000) (1024K)]
  0x00000235fc2862a0 WorkerThread "GC Thread#1"                     [id=24820, stack(0x0000008cc8600000,0x0000008cc8700000) (1024K)]
  0x00000235fc753590 WorkerThread "GC Thread#2"                     [id=14880, stack(0x0000008cc8700000,0x0000008cc8800000) (1024K)]
  0x00000235fccc37e0 WorkerThread "GC Thread#3"                     [id=25224, stack(0x0000008cc8800000,0x0000008cc8900000) (1024K)]
  0x000002359ff56af0 ConcurrentGCThread "G1 Main Marker"            [id=6464, stack(0x0000008cc7600000,0x0000008cc7700000) (1024K)]
  0x000002359ff57510 WorkerThread "G1 Conc#0"                       [id=15180, stack(0x0000008cc7700000,0x0000008cc7800000) (1024K)]
  0x00000235b6c420c0 ConcurrentGCThread "G1 Refine#0"               [id=15060, stack(0x0000008cc7800000,0x0000008cc7900000) (1024K)]
  0x000002359ffad3a0 ConcurrentGCThread "G1 Service"                [id=26240, stack(0x0000008cc7900000,0x0000008cc7a00000) (1024K)]
Total: 10

Threads with active compile tasks:
C2 CompilerThread0  184235 11012       4       org.gradle.internal.instantiation.generator.AbstractClassGenerator::inspectType (602 bytes)
Total: 1

VM state: not at safepoint (normal execution)

VM Mutex/Monitor currently owned by a thread:  ([mutex/lock_event])
[0x00007ffda4e1e030] CompiledIC_lock - owner thread: 0x00000235fc311a10

Heap address: 0x0000000080000000, size: 2048 MB, Compressed Oops mode: 32-bit

CDS archive(s) mapped at: [0x00000235b7000000-0x00000235b7ba0000-0x00000235b7ba0000), size 12189696, SharedBaseAddress: 0x00000235b7000000, ArchiveRelocationMode: 1.
Compressed class space mapped at: 0x00000235b8000000-0x00000235f8000000, reserved size: 1073741824
Narrow klass base: 0x00000235b7000000, Narrow klass shift: 0, Narrow klass range: 0x100000000

GC Precious Log:
 CardTable entry size: 512
 Card Set container configuration: InlinePtr #cards 5 size 8 Array Of Cards #cards 12 size 40 Howl #buckets 4 coarsen threshold 1843 Howl Bitmap #cards 512 size 80 coarsen threshold 460 Card regions per heap region 1 cards per card region 2048
 CPUs: 4 total, 4 available
 Memory: 6023M
 Large Page Support: Disabled
 NUMA Support: Disabled
 Compressed Oops: Enabled (32-bit)
 Heap Region Size: 1M
 Heap Min Capacity: 8M
 Heap Initial Capacity: 96M
 Heap Max Capacity: 2G
 Pre-touch: Disabled
 Parallel Workers: 4
 Concurrent Workers: 1
 Concurrent Refinement Workers: 4
 Periodic GC: Disabled

Heap:
 garbage-first heap   total 148480K, used 87041K [0x0000000080000000, 0x0000000100000000)
  region size 1024K, 6 young (6144K), 3 survivors (3072K)
 Metaspace       used 90053K, committed 92288K, reserved 1179648K
  class space    used 12693K, committed 13824K, reserved 1048576K

Heap Regions: E=young(eden), S=young(survivor), O=old, HS=humongous(starts), HC=humongous(continues), CS=collection set, F=free, TAMS=top-at-mark-start, PB=parsable bottom
|   0|0x0000000080000000, 0x0000000080100000, 0x0000000080100000|100%| O|  |TAMS 0x0000000080000000| PB 0x0000000080000000| Untracked 
|   1|0x0000000080100000, 0x0000000080200000, 0x0000000080200000|100%|HS|  |TAMS 0x0000000080100000| PB 0x0000000080100000| Complete 
|   2|0x0000000080200000, 0x0000000080300000, 0x0000000080300000|100%|HC|  |TAMS 0x0000000080200000| PB 0x0000000080200000| Complete 
|   3|0x0000000080300000, 0x0000000080400000, 0x0000000080400000|100%|HC|  |TAMS 0x0000000080300000| PB 0x0000000080300000| Complete 
|   4|0x0000000080400000, 0x0000000080500000, 0x0000000080500000|100%|HC|  |TAMS 0x0000000080400000| PB 0x0000000080400000| Complete 
|   5|0x0000000080500000, 0x0000000080600000, 0x0000000080600000|100%| O|  |TAMS 0x0000000080500000| PB 0x0000000080500000| Untracked 
|   6|0x0000000080600000, 0x0000000080700000, 0x0000000080700000|100%| O|  |TAMS 0x0000000080600000| PB 0x0000000080600000| Untracked 
|   7|0x0000000080700000, 0x0000000080800000, 0x0000000080800000|100%| O|  |TAMS 0x0000000080700000| PB 0x0000000080700000| Untracked 
|   8|0x0000000080800000, 0x0000000080900000, 0x0000000080900000|100%| O|  |TAMS 0x0000000080800000| PB 0x0000000080800000| Untracked 
|   9|0x0000000080900000, 0x0000000080a00000, 0x0000000080a00000|100%|HS|  |TAMS 0x0000000080900000| PB 0x0000000080900000| Complete 
|  10|0x0000000080a00000, 0x0000000080b00000, 0x0000000080b00000|100%| O|  |TAMS 0x0000000080a00000| PB 0x0000000080a00000| Untracked 
|  11|0x0000000080b00000, 0x0000000080c00000, 0x0000000080c00000|100%| O|  |TAMS 0x0000000080b00000| PB 0x0000000080b00000| Untracked 
|  12|0x0000000080c00000, 0x0000000080d00000, 0x0000000080d00000|100%| O|  |TAMS 0x0000000080c00000| PB 0x0000000080c00000| Untracked 
|  13|0x0000000080d00000, 0x0000000080e00000, 0x0000000080e00000|100%| O|  |TAMS 0x0000000080d00000| PB 0x0000000080d00000| Untracked 
|  14|0x0000000080e00000, 0x0000000080f00000, 0x0000000080f00000|100%| O|  |TAMS 0x0000000080e00000| PB 0x0000000080e00000| Untracked 
|  15|0x0000000080f00000, 0x0000000081000000, 0x0000000081000000|100%| O|  |TAMS 0x0000000080f00000| PB 0x0000000080f00000| Untracked 
|  16|0x0000000081000000, 0x0000000081100000, 0x0000000081100000|100%| O|  |TAMS 0x0000000081000000| PB 0x0000000081000000| Untracked 
|  17|0x0000000081100000, 0x0000000081200000, 0x0000000081200000|100%| O|  |TAMS 0x0000000081100000| PB 0x0000000081100000| Untracked 
|  18|0x0000000081200000, 0x0000000081300000, 0x0000000081300000|100%| O|  |TAMS 0x0000000081200000| PB 0x0000000081200000| Untracked 
|  19|0x0000000081300000, 0x0000000081400000, 0x0000000081400000|100%| O|  |TAMS 0x0000000081300000| PB 0x0000000081300000| Untracked 
|  20|0x0000000081400000, 0x0000000081500000, 0x0000000081500000|100%| O|  |TAMS 0x0000000081400000| PB 0x0000000081400000| Untracked 
|  21|0x0000000081500000, 0x0000000081600000, 0x0000000081600000|100%| O|  |TAMS 0x0000000081500000| PB 0x0000000081500000| Untracked 
|  22|0x0000000081600000, 0x0000000081700000, 0x0000000081700000|100%| O|  |TAMS 0x0000000081600000| PB 0x0000000081600000| Untracked 
|  23|0x0000000081700000, 0x0000000081800000, 0x0000000081800000|100%| O|  |TAMS 0x0000000081700000| PB 0x0000000081700000| Untracked 
|  24|0x0000000081800000, 0x0000000081900000, 0x0000000081900000|100%| O|  |TAMS 0x0000000081800000| PB 0x0000000081800000| Untracked 
|  25|0x0000000081900000, 0x0000000081a00000, 0x0000000081a00000|100%| O|  |TAMS 0x0000000081900000| PB 0x0000000081900000| Untracked 
|  26|0x0000000081a00000, 0x0000000081b00000, 0x0000000081b00000|100%| O|  |TAMS 0x0000000081a00000| PB 0x0000000081a00000| Untracked 
|  27|0x0000000081b00000, 0x0000000081c00000, 0x0000000081c00000|100%| O|  |TAMS 0x0000000081b00000| PB 0x0000000081b00000| Untracked 
|  28|0x0000000081c00000, 0x0000000081d00000, 0x0000000081d00000|100%| O|  |TAMS 0x0000000081c00000| PB 0x0000000081c00000| Untracked 
|  29|0x0000000081d00000, 0x0000000081e00000, 0x0000000081e00000|100%| O|  |TAMS 0x0000000081d00000| PB 0x0000000081d00000| Untracked 
|  30|0x0000000081e00000, 0x0000000081f00000, 0x0000000081f00000|100%| O|Cm|TAMS 0x0000000081e00000| PB 0x0000000081e00000| Complete 
|  31|0x0000000081f00000, 0x0000000082000000, 0x0000000082000000|100%| O|  |TAMS 0x0000000081f00000| PB 0x0000000081f00000| Untracked 
|  32|0x0000000082000000, 0x0000000082100000, 0x0000000082100000|100%| O|  |TAMS 0x0000000082000000| PB 0x0000000082000000| Untracked 
|  33|0x0000000082100000, 0x0000000082200000, 0x0000000082200000|100%| O|  |TAMS 0x0000000082100000| PB 0x0000000082100000| Untracked 
|  34|0x0000000082200000, 0x0000000082300000, 0x0000000082300000|100%| O|  |TAMS 0x0000000082200000| PB 0x0000000082200000| Untracked 
|  35|0x0000000082300000, 0x0000000082400000, 0x0000000082400000|100%| O|  |TAMS 0x0000000082300000| PB 0x0000000082300000| Untracked 
|  36|0x0000000082400000, 0x0000000082500000, 0x0000000082500000|100%|HS|  |TAMS 0x0000000082400000| PB 0x0000000082400000| Complete 
|  37|0x0000000082500000, 0x0000000082600000, 0x0000000082600000|100%|HS|  |TAMS 0x0000000082500000| PB 0x0000000082500000| Complete 
|  38|0x0000000082600000, 0x0000000082700000, 0x0000000082700000|100%|HS|  |TAMS 0x0000000082600000| PB 0x0000000082600000| Complete 
|  39|0x0000000082700000, 0x0000000082800000, 0x0000000082800000|100%| O|  |TAMS 0x0000000082700000| PB 0x0000000082700000| Untracked 
|  40|0x0000000082800000, 0x0000000082900000, 0x0000000082900000|100%| O|  |TAMS 0x0000000082800000| PB 0x0000000082800000| Untracked 
|  41|0x0000000082900000, 0x0000000082a00000, 0x0000000082a00000|100%| O|  |TAMS 0x0000000082900000| PB 0x0000000082900000| Untracked 
|  42|0x0000000082a00000, 0x0000000082b00000, 0x0000000082b00000|100%| O|  |TAMS 0x0000000082a00000| PB 0x0000000082a00000| Untracked 
|  43|0x0000000082b00000, 0x0000000082c00000, 0x0000000082c00000|100%| O|  |TAMS 0x0000000082b00000| PB 0x0000000082b00000| Untracked 
|  44|0x0000000082c00000, 0x0000000082d00000, 0x0000000082d00000|100%|HS|  |TAMS 0x0000000082c00000| PB 0x0000000082c00000| Complete 
|  45|0x0000000082d00000, 0x0000000082e00000, 0x0000000082e00000|100%| O|  |TAMS 0x0000000082d00000| PB 0x0000000082d00000| Untracked 
|  46|0x0000000082e00000, 0x0000000082f00000, 0x0000000082f00000|100%| O|  |TAMS 0x0000000082e00000| PB 0x0000000082e00000| Untracked 
|  47|0x0000000082f00000, 0x0000000083000000, 0x0000000083000000|100%|HS|  |TAMS 0x0000000082f00000| PB 0x0000000082f00000| Complete 
|  48|0x0000000083000000, 0x0000000083100000, 0x0000000083100000|100%|HC|  |TAMS 0x0000000083000000| PB 0x0000000083000000| Complete 
|  49|0x0000000083100000, 0x0000000083200000, 0x0000000083200000|100%| O|  |TAMS 0x0000000083100000| PB 0x0000000083100000| Untracked 
|  50|0x0000000083200000, 0x0000000083300000, 0x0000000083300000|100%| O|  |TAMS 0x0000000083200000| PB 0x0000000083200000| Untracked 
|  51|0x0000000083300000, 0x0000000083400000, 0x0000000083400000|100%|HS|  |TAMS 0x0000000083300000| PB 0x0000000083300000| Complete 
|  52|0x0000000083400000, 0x0000000083500000, 0x0000000083500000|100%| O|  |TAMS 0x0000000083400000| PB 0x0000000083400000| Untracked 
|  53|0x0000000083500000, 0x0000000083600000, 0x0000000083600000|100%|HS|  |TAMS 0x0000000083500000| PB 0x0000000083500000| Complete 
|  54|0x0000000083600000, 0x0000000083700000, 0x0000000083700000|100%| O|  |TAMS 0x0000000083600000| PB 0x0000000083600000| Untracked 
|  55|0x0000000083700000, 0x0000000083800000, 0x0000000083800000|100%|HS|  |TAMS 0x0000000083700000| PB 0x0000000083700000| Complete 
|  56|0x0000000083800000, 0x0000000083900000, 0x0000000083900000|100%|HC|  |TAMS 0x0000000083800000| PB 0x0000000083800000| Complete 
|  57|0x0000000083900000, 0x0000000083a00000, 0x0000000083a00000|100%| O|  |TAMS 0x0000000083900000| PB 0x0000000083900000| Untracked 
|  58|0x0000000083a00000, 0x0000000083b00000, 0x0000000083b00000|100%| O|  |TAMS 0x0000000083a00000| PB 0x0000000083a00000| Untracked 
|  59|0x0000000083b00000, 0x0000000083c00000, 0x0000000083c00000|100%| O|  |TAMS 0x0000000083b00000| PB 0x0000000083b00000| Untracked 
|  60|0x0000000083c00000, 0x0000000083d00000, 0x0000000083d00000|100%| O|  |TAMS 0x0000000083c00000| PB 0x0000000083c00000| Untracked 
|  61|0x0000000083d00000, 0x0000000083e00000, 0x0000000083e00000|100%| O|  |TAMS 0x0000000083d00000| PB 0x0000000083d00000| Untracked 
|  62|0x0000000083e00000, 0x0000000083f00000, 0x0000000083f00000|100%| O|  |TAMS 0x0000000083e00000| PB 0x0000000083e00000| Untracked 
|  63|0x0000000083f00000, 0x0000000084000000, 0x0000000084000000|100%| O|  |TAMS 0x0000000083f00000| PB 0x0000000083f00000| Untracked 
|  64|0x0000000084000000, 0x0000000084100000, 0x0000000084100000|100%| O|  |TAMS 0x0000000084000000| PB 0x0000000084000000| Untracked 
|  65|0x0000000084100000, 0x0000000084200000, 0x0000000084200000|100%| O|  |TAMS 0x0000000084100000| PB 0x0000000084100000| Untracked 
|  66|0x0000000084200000, 0x0000000084300000, 0x0000000084300000|100%|HS|  |TAMS 0x0000000084200000| PB 0x0000000084200000| Complete 
|  67|0x0000000084300000, 0x0000000084400000, 0x0000000084400000|100%| O|  |TAMS 0x0000000084300000| PB 0x0000000084300000| Untracked 
|  68|0x0000000084400000, 0x0000000084500000, 0x0000000084500000|100%| O|  |TAMS 0x0000000084400000| PB 0x0000000084400000| Untracked 
|  69|0x0000000084500000, 0x0000000084600000, 0x0000000084600000|100%| O|  |TAMS 0x0000000084500000| PB 0x0000000084500000| Untracked 
|  70|0x0000000084600000, 0x0000000084700000, 0x0000000084700000|100%| O|  |TAMS 0x0000000084600000| PB 0x0000000084600000| Untracked 
|  71|0x0000000084700000, 0x0000000084700000, 0x0000000084800000|  0%| F|  |TAMS 0x0000000084700000| PB 0x0000000084700000| Untracked 
|  72|0x0000000084800000, 0x0000000084800000, 0x0000000084900000|  0%| F|  |TAMS 0x0000000084800000| PB 0x0000000084800000| Untracked 
|  73|0x0000000084900000, 0x0000000084900000, 0x0000000084a00000|  0%| F|  |TAMS 0x0000000084900000| PB 0x0000000084900000| Untracked 
|  74|0x0000000084a00000, 0x0000000084b00000, 0x0000000084b00000|100%| O|  |TAMS 0x0000000084a00000| PB 0x0000000084a00000| Untracked 
|  75|0x0000000084b00000, 0x0000000084c00000, 0x0000000084c00000|100%| O|  |TAMS 0x0000000084b00000| PB 0x0000000084b00000| Untracked 
|  76|0x0000000084c00000, 0x0000000084c00000, 0x0000000084d00000|  0%| F|  |TAMS 0x0000000084c00000| PB 0x0000000084c00000| Untracked 
|  77|0x0000000084d00000, 0x0000000084d00000, 0x0000000084e00000|  0%| F|  |TAMS 0x0000000084d00000| PB 0x0000000084d00000| Untracked 
|  78|0x0000000084e00000, 0x0000000084f00000, 0x0000000084f00000|100%| O|  |TAMS 0x0000000084e00000| PB 0x0000000084e00000| Untracked 
|  79|0x0000000084f00000, 0x0000000085000000, 0x0000000085000000|100%| O|  |TAMS 0x0000000084f00000| PB 0x0000000084f00000| Untracked 
|  80|0x0000000085000000, 0x0000000085100000, 0x0000000085100000|100%| O|  |TAMS 0x0000000085000000| PB 0x0000000085000000| Untracked 
|  81|0x0000000085100000, 0x0000000085200000, 0x0000000085200000|100%| O|  |TAMS 0x0000000085100000| PB 0x0000000085100000| Untracked 
|  82|0x0000000085200000, 0x0000000085255770, 0x0000000085300000| 33%| O|  |TAMS 0x0000000085200000| PB 0x0000000085200000| Untracked 
|  83|0x0000000085300000, 0x0000000085300000, 0x0000000085400000|  0%| F|  |TAMS 0x0000000085300000| PB 0x0000000085300000| Untracked 
|  84|0x0000000085400000, 0x0000000085400000, 0x0000000085500000|  0%| F|  |TAMS 0x0000000085400000| PB 0x0000000085400000| Untracked 
|  85|0x0000000085500000, 0x0000000085500000, 0x0000000085600000|  0%| F|  |TAMS 0x0000000085500000| PB 0x0000000085500000| Untracked 
|  86|0x0000000085600000, 0x0000000085600000, 0x0000000085700000|  0%| F|  |TAMS 0x0000000085600000| PB 0x0000000085600000| Untracked 
|  87|0x0000000085700000, 0x0000000085700000, 0x0000000085800000|  0%| F|  |TAMS 0x0000000085700000| PB 0x0000000085700000| Untracked 
|  88|0x0000000085800000, 0x0000000085800000, 0x0000000085900000|  0%| F|  |TAMS 0x0000000085800000| PB 0x0000000085800000| Untracked 
|  89|0x0000000085900000, 0x0000000085900000, 0x0000000085a00000|  0%| F|  |TAMS 0x0000000085900000| PB 0x0000000085900000| Untracked 
|  90|0x0000000085a00000, 0x0000000085a00000, 0x0000000085b00000|  0%| F|  |TAMS 0x0000000085a00000| PB 0x0000000085a00000| Untracked 
|  91|0x0000000085b00000, 0x0000000085b00000, 0x0000000085c00000|  0%| F|  |TAMS 0x0000000085b00000| PB 0x0000000085b00000| Untracked 
|  92|0x0000000085c00000, 0x0000000085c00000, 0x0000000085d00000|  0%| F|  |TAMS 0x0000000085c00000| PB 0x0000000085c00000| Untracked 
|  93|0x0000000085d00000, 0x0000000085d00000, 0x0000000085e00000|  0%| F|  |TAMS 0x0000000085d00000| PB 0x0000000085d00000| Untracked 
|  94|0x0000000085e00000, 0x0000000085e00000, 0x0000000085f00000|  0%| F|  |TAMS 0x0000000085e00000| PB 0x0000000085e00000| Untracked 
|  95|0x0000000085f00000, 0x0000000085f00000, 0x0000000086000000|  0%| F|  |TAMS 0x0000000085f00000| PB 0x0000000085f00000| Untracked 
|  96|0x0000000086000000, 0x0000000086000000, 0x0000000086100000|  0%| F|  |TAMS 0x0000000086000000| PB 0x0000000086000000| Untracked 
|  97|0x0000000086100000, 0x0000000086100000, 0x0000000086200000|  0%| F|  |TAMS 0x0000000086100000| PB 0x0000000086100000| Untracked 
|  98|0x0000000086200000, 0x00000000862ab048, 0x0000000086300000| 66%| S|CS|TAMS 0x0000000086200000| PB 0x0000000086200000| Complete 
|  99|0x0000000086300000, 0x0000000086400000, 0x0000000086400000|100%| S|CS|TAMS 0x0000000086300000| PB 0x0000000086300000| Complete 
| 100|0x0000000086400000, 0x0000000086500000, 0x0000000086500000|100%| S|CS|TAMS 0x0000000086400000| PB 0x0000000086400000| Complete 
| 101|0x0000000086500000, 0x0000000086500000, 0x0000000086600000|  0%| F|  |TAMS 0x0000000086500000| PB 0x0000000086500000| Untracked 
| 102|0x0000000086600000, 0x0000000086600000, 0x0000000086700000|  0%| F|  |TAMS 0x0000000086600000| PB 0x0000000086600000| Untracked 
| 103|0x0000000086700000, 0x0000000086700000, 0x0000000086800000|  0%| F|  |TAMS 0x0000000086700000| PB 0x0000000086700000| Untracked 
| 104|0x0000000086800000, 0x0000000086800000, 0x0000000086900000|  0%| F|  |TAMS 0x0000000086800000| PB 0x0000000086800000| Untracked 
| 105|0x0000000086900000, 0x0000000086900000, 0x0000000086a00000|  0%| F|  |TAMS 0x0000000086900000| PB 0x0000000086900000| Untracked 
| 106|0x0000000086a00000, 0x0000000086a00000, 0x0000000086b00000|  0%| F|  |TAMS 0x0000000086a00000| PB 0x0000000086a00000| Untracked 
| 107|0x0000000086b00000, 0x0000000086b00000, 0x0000000086c00000|  0%| F|  |TAMS 0x0000000086b00000| PB 0x0000000086b00000| Untracked 
| 108|0x0000000086c00000, 0x0000000086c00000, 0x0000000086d00000|  0%| F|  |TAMS 0x0000000086c00000| PB 0x0000000086c00000| Untracked 
| 109|0x0000000086d00000, 0x0000000086d00000, 0x0000000086e00000|  0%| F|  |TAMS 0x0000000086d00000| PB 0x0000000086d00000| Untracked 
| 110|0x0000000086e00000, 0x0000000086e00000, 0x0000000086f00000|  0%| F|  |TAMS 0x0000000086e00000| PB 0x0000000086e00000| Untracked 
| 111|0x0000000086f00000, 0x0000000086f00000, 0x0000000087000000|  0%| F|  |TAMS 0x0000000086f00000| PB 0x0000000086f00000| Untracked 
| 112|0x0000000087000000, 0x0000000087000000, 0x0000000087100000|  0%| F|  |TAMS 0x0000000087000000| PB 0x0000000087000000| Untracked 
| 113|0x0000000087100000, 0x0000000087100000, 0x0000000087200000|  0%| F|  |TAMS 0x0000000087100000| PB 0x0000000087100000| Untracked 
| 114|0x0000000087200000, 0x0000000087200000, 0x0000000087300000|  0%| F|  |TAMS 0x0000000087200000| PB 0x0000000087200000| Untracked 
| 115|0x0000000087300000, 0x0000000087300000, 0x0000000087400000|  0%| F|  |TAMS 0x0000000087300000| PB 0x0000000087300000| Untracked 
| 116|0x0000000087400000, 0x0000000087400000, 0x0000000087500000|  0%| F|  |TAMS 0x0000000087400000| PB 0x0000000087400000| Untracked 
| 117|0x0000000087500000, 0x0000000087500000, 0x0000000087600000|  0%| F|  |TAMS 0x0000000087500000| PB 0x0000000087500000| Untracked 
| 118|0x0000000087600000, 0x0000000087600000, 0x0000000087700000|  0%| F|  |TAMS 0x0000000087600000| PB 0x0000000087600000| Untracked 
| 119|0x0000000087700000, 0x0000000087700000, 0x0000000087800000|  0%| F|  |TAMS 0x0000000087700000| PB 0x0000000087700000| Untracked 
| 120|0x0000000087800000, 0x0000000087800000, 0x0000000087900000|  0%| F|  |TAMS 0x0000000087800000| PB 0x0000000087800000| Untracked 
| 121|0x0000000087900000, 0x0000000087900000, 0x0000000087a00000|  0%| F|  |TAMS 0x0000000087900000| PB 0x0000000087900000| Untracked 
| 122|0x0000000087a00000, 0x0000000087a00000, 0x0000000087b00000|  0%| F|  |TAMS 0x0000000087a00000| PB 0x0000000087a00000| Untracked 
| 123|0x0000000087b00000, 0x0000000087b00000, 0x0000000087c00000|  0%| F|  |TAMS 0x0000000087b00000| PB 0x0000000087b00000| Untracked 
| 124|0x0000000087c00000, 0x0000000087c00000, 0x0000000087d00000|  0%| F|  |TAMS 0x0000000087c00000| PB 0x0000000087c00000| Untracked 
| 125|0x0000000087d00000, 0x0000000087d00000, 0x0000000087e00000|  0%| F|  |TAMS 0x0000000087d00000| PB 0x0000000087d00000| Untracked 
| 126|0x0000000087e00000, 0x0000000087e00000, 0x0000000087f00000|  0%| F|  |TAMS 0x0000000087e00000| PB 0x0000000087e00000| Untracked 
| 127|0x0000000087f00000, 0x0000000087f00000, 0x0000000088000000|  0%| F|  |TAMS 0x0000000087f00000| PB 0x0000000087f00000| Untracked 
| 128|0x0000000088000000, 0x0000000088000000, 0x0000000088100000|  0%| F|  |TAMS 0x0000000088000000| PB 0x0000000088000000| Untracked 
| 129|0x0000000088100000, 0x0000000088100000, 0x0000000088200000|  0%| F|  |TAMS 0x0000000088100000| PB 0x0000000088100000| Untracked 
| 130|0x0000000088200000, 0x0000000088200000, 0x0000000088300000|  0%| F|  |TAMS 0x0000000088200000| PB 0x0000000088200000| Untracked 
| 131|0x0000000088300000, 0x0000000088300000, 0x0000000088400000|  0%| F|  |TAMS 0x0000000088300000| PB 0x0000000088300000| Untracked 
| 132|0x0000000088400000, 0x0000000088400000, 0x0000000088500000|  0%| F|  |TAMS 0x0000000088400000| PB 0x0000000088400000| Untracked 
| 133|0x0000000088500000, 0x0000000088500000, 0x0000000088600000|  0%| F|  |TAMS 0x0000000088500000| PB 0x0000000088500000| Untracked 
| 134|0x0000000088600000, 0x0000000088600000, 0x0000000088700000|  0%| F|  |TAMS 0x0000000088600000| PB 0x0000000088600000| Untracked 
| 135|0x0000000088700000, 0x0000000088700000, 0x0000000088800000|  0%| F|  |TAMS 0x0000000088700000| PB 0x0000000088700000| Untracked 
| 136|0x0000000088800000, 0x0000000088800000, 0x0000000088900000|  0%| F|  |TAMS 0x0000000088800000| PB 0x0000000088800000| Untracked 
| 137|0x0000000088900000, 0x0000000088900000, 0x0000000088a00000|  0%| F|  |TAMS 0x0000000088900000| PB 0x0000000088900000| Untracked 
| 138|0x0000000088a00000, 0x0000000088a00000, 0x0000000088b00000|  0%| F|  |TAMS 0x0000000088a00000| PB 0x0000000088a00000| Untracked 
|2042|0x00000000ffa00000, 0x00000000ffb00000, 0x00000000ffb00000|100%| O|  |TAMS 0x00000000ffa00000| PB 0x00000000ffa00000| Untracked 
|2043|0x00000000ffb00000, 0x00000000ffb83420, 0x00000000ffc00000| 51%| E|  |TAMS 0x00000000ffb00000| PB 0x00000000ffb00000| Complete 
|2044|0x00000000ffc00000, 0x00000000ffd00000, 0x00000000ffd00000|100%| O|  |TAMS 0x00000000ffc00000| PB 0x00000000ffc00000| Untracked 
|2045|0x00000000ffd00000, 0x00000000ffe00000, 0x00000000ffe00000|100%| E|CS|TAMS 0x00000000ffd00000| PB 0x00000000ffd00000| Complete 
|2046|0x00000000ffe00000, 0x00000000fff00000, 0x00000000fff00000|100%| O|  |TAMS 0x00000000ffe00000| PB 0x00000000ffe00000| Untracked 
|2047|0x00000000fff00000, 0x0000000100000000, 0x0000000100000000|100%| E|CS|TAMS 0x00000000fff00000| PB 0x00000000fff00000| Complete 

Card table byte_map: [0x00000235b24f0000,0x00000235b28f0000] _byte_map_base: 0x00000235b20f0000

Marking Bits: (CMBitMap*) 0x000002359ff45a00
 Bits: [0x00000235b28f0000, 0x00000235b48f0000)

Polling page: 0x000002359dd50000

Metaspace:

Usage:
  Non-class:     75.55 MB used.
      Class:     12.40 MB used.
       Both:     87.94 MB used.

Virtual space:
  Non-class space:      128.00 MB reserved,      76.62 MB ( 60%) committed,  2 nodes.
      Class space:        1.00 GB reserved,      13.50 MB (  1%) committed,  1 nodes.
             Both:        1.12 GB reserved,      90.12 MB (  8%) committed. 

Chunk freelists:
   Non-Class:  3.38 MB
       Class:  2.55 MB
        Both:  5.92 MB

MaxMetaspaceSize: unlimited
CompressedClassSpaceSize: 1.00 GB
Initial GC threshold: 21.00 MB
Current GC threshold: 145.56 MB
CDS: on
 - commit_granule_bytes: 65536.
 - commit_granule_words: 8192.
 - virtual_space_node_default_size: 8388608.
 - enlarge_chunks_in_place: 1.
 - use_allocation_guard: 0.


Internal statistics:

num_allocs_failed_limit: 6.
num_arena_births: 4150.
num_arena_deaths: 0.
num_vsnodes_births: 3.
num_vsnodes_deaths: 0.
num_space_committed: 1440.
num_space_uncommitted: 0.
num_chunks_returned_to_freelist: 6.
num_chunks_taken_from_freelist: 8397.
num_chunk_merges: 6.
num_chunk_splits: 5539.
num_chunks_enlarged: 3474.
num_inconsistent_stats: 0.

CodeHeap 'non-profiled nmethods': size=120000Kb used=5362Kb max_used=5362Kb free=114637Kb
 bounds [0x00000235aabc0000, 0x00000235ab100000, 0x00000235b20f0000]
CodeHeap 'profiled nmethods': size=120000Kb used=17246Kb max_used=17246Kb free=102753Kb
 bounds [0x00000235a30f0000, 0x00000235a41d0000, 0x00000235aa620000]
CodeHeap 'non-nmethods': size=5760Kb used=1989Kb max_used=2049Kb free=3770Kb
 bounds [0x00000235aa620000, 0x00000235aa890000, 0x00000235aabc0000]
CodeCache: size=245760Kb, used=24597Kb, max_used=24657Kb, free=221160Kb
 total_blobs=10177, nmethods=9325, adapters=755, full_count=0
Compilation: enabled, stopped_count=0, restarted_count=0

Compilation events (20 events):
Event: 172.838 Thread 0x00000235b6db3d90 nmethod 11002 0x00000235a41bbd90 code [0x00000235a41bc3e0, 0x00000235a41bf9f8]
Event: 172.842 Thread 0x00000235b6db3d90 11003       3       java.util.concurrent.ThreadPoolExecutor$Worker::unlock (7 bytes)
Event: 172.843 Thread 0x00000235b6db3d90 nmethod 11003 0x00000235a41c0f90 code [0x00000235a41c1160, 0x00000235a41c13d0]
Event: 178.376 Thread 0x00000235b6daeb80 nmethod 11000 0x00000235ab0e6e10 code [0x00000235ab0e7c40, 0x00000235ab0f3348]
Event: 178.827 Thread 0x00000235b6db3d90 11005       3       java.util.concurrent.ThreadPoolExecutor$Worker::lock (6 bytes)
Event: 178.830 Thread 0x00000235b6db3d90 nmethod 11005 0x00000235a41c1510 code [0x00000235a41c16c0, 0x00000235a41c1800]
Event: 178.830 Thread 0x00000235b6db3d90 11006       3       java.util.concurrent.ThreadPoolExecutor$Worker::tryAcquire (20 bytes)
Event: 178.831 Thread 0x00000235b6db3d90 nmethod 11006 0x00000235a41c1890 code [0x00000235a41c1a40, 0x00000235a41c1c80]
Event: 178.831 Thread 0x00000235b6db3d90 11007       3       java.util.concurrent.ThreadPoolExecutor::beforeExecute (1 bytes)
Event: 178.862 Thread 0x00000235b6db3d90 nmethod 11007 0x00000235a41c1d10 code [0x00000235a41c1ea0, 0x00000235a41c1fa8]
Event: 181.287 Thread 0x00000235b6db3d90 11008       3       org.gradle.internal.serialize.AbstractDecoder::readNullableString (14 bytes)
Event: 181.288 Thread 0x00000235b6db3d90 nmethod 11008 0x00000235a41c2010 code [0x00000235a41c21e0, 0x00000235a41c24d8]
Event: 181.398 Thread 0x00000235b6daeb80 11009       4       java.util.TimSort::binarySort (223 bytes)
Event: 181.471 Thread 0x00000235b6daeb80 nmethod 11009 0x00000235ab0fb110 code [0x00000235ab0fb2e0, 0x00000235ab0fbd58]
Event: 181.477 Thread 0x00000235b6daeb80 11010       4       com.google.common.collect.AbstractMapBasedMultimap$WrappedCollection$WrappedIterator::hasNext (14 bytes)
Event: 181.481 Thread 0x00000235b6daeb80 nmethod 11010 0x00000235ab0fc090 code [0x00000235ab0fc240, 0x00000235ab0fc380]
Event: 183.775 Thread 0x00000235b6daeb80 11011       4       org.gradle.internal.reflect.MutablePropertyDetails::getSetters (8 bytes)
Event: 183.782 Thread 0x00000235b6daeb80 nmethod 11011 0x00000235ab0fc510 code [0x00000235ab0fc6c0, 0x00000235ab0fc988]
Event: 183.945 Thread 0x00000235b6daeb80 11012       4       org.gradle.internal.instantiation.generator.AbstractClassGenerator::inspectType (602 bytes)
Event: 184.096 Thread 0x00000235b6db3d90 11013       3       org.gradle.internal.instantiation.generator.AsmBackedClassGenerator$ClassBuilderImpl::visitAnnotationValues (242 bytes)

GC Heap History (20 events):
Event: 64.053 GC heap before
{Heap before GC invocations=29 (full 0):
 garbage-first heap   total 116736K, used 100951K [0x0000000080000000, 0x0000000100000000)
  region size 1024K, 28 young (28672K), 2 survivors (2048K)
 Metaspace       used 69947K, committed 72000K, reserved 1114112K
  class space    used 10000K, committed 11008K, reserved 1048576K
}
Event: 64.061 GC heap after
{Heap after GC invocations=30 (full 0):
 garbage-first heap   total 116736K, used 71670K [0x0000000080000000, 0x0000000100000000)
  region size 1024K, 4 young (4096K), 4 survivors (4096K)
 Metaspace       used 69947K, committed 72000K, reserved 1114112K
  class space    used 10000K, committed 11008K, reserved 1048576K
}
Event: 75.708 GC heap before
{Heap before GC invocations=30 (full 0):
 garbage-first heap   total 116736K, used 100342K [0x0000000080000000, 0x0000000100000000)
  region size 1024K, 32 young (32768K), 4 survivors (4096K)
 Metaspace       used 71897K, committed 73920K, reserved 1114112K
  class space    used 10247K, committed 11264K, reserved 1048576K
}
Event: 75.722 GC heap after
{Heap after GC invocations=31 (full 0):
 garbage-first heap   total 116736K, used 72666K [0x0000000080000000, 0x0000000100000000)
  region size 1024K, 2 young (2048K), 2 survivors (2048K)
 Metaspace       used 71897K, committed 73920K, reserved 1114112K
  class space    used 10247K, committed 11264K, reserved 1048576K
}
Event: 112.971 GC heap before
{Heap before GC invocations=31 (full 0):
 garbage-first heap   total 116736K, used 101338K [0x0000000080000000, 0x0000000100000000)
  region size 1024K, 30 young (30720K), 2 survivors (2048K)
 Metaspace       used 73605K, committed 75712K, reserved 1114112K
  class space    used 10459K, committed 11520K, reserved 1048576K
}
Event: 113.000 GC heap after
{Heap after GC invocations=32 (full 0):
 garbage-first heap   total 116736K, used 74989K [0x0000000080000000, 0x0000000100000000)
  region size 1024K, 4 young (4096K), 4 survivors (4096K)
 Metaspace       used 73605K, committed 75712K, reserved 1114112K
  class space    used 10459K, committed 11520K, reserved 1048576K
}
Event: 116.921 GC heap before
{Heap before GC invocations=33 (full 0):
 garbage-first heap   total 126976K, used 102637K [0x0000000080000000, 0x0000000100000000)
  region size 1024K, 32 young (32768K), 4 survivors (4096K)
 Metaspace       used 75389K, committed 77504K, reserved 1179648K
  class space    used 10679K, committed 11712K, reserved 1048576K
}
Event: 116.941 GC heap after
{Heap after GC invocations=34 (full 0):
 garbage-first heap   total 126976K, used 75380K [0x0000000080000000, 0x0000000100000000)
  region size 1024K, 2 young (2048K), 2 survivors (2048K)
 Metaspace       used 75389K, committed 77504K, reserved 1179648K
  class space    used 10679K, committed 11712K, reserved 1048576K
}
Event: 125.187 GC heap before
{Heap before GC invocations=34 (full 0):
 garbage-first heap   total 126976K, used 110196K [0x0000000080000000, 0x0000000100000000)
  region size 1024K, 36 young (36864K), 2 survivors (2048K)
 Metaspace       used 77814K, committed 79936K, reserved 1179648K
  class space    used 11074K, committed 12160K, reserved 1048576K
}
Event: 125.196 GC heap after
{Heap after GC invocations=35 (full 0):
 garbage-first heap   total 126976K, used 74678K [0x0000000080000000, 0x0000000100000000)
  region size 1024K, 3 young (3072K), 3 survivors (3072K)
 Metaspace       used 77814K, committed 79936K, reserved 1179648K
  class space    used 11074K, committed 12160K, reserved 1048576K
}
Event: 135.692 GC heap before
{Heap before GC invocations=35 (full 0):
 garbage-first heap   total 126976K, used 111542K [0x0000000080000000, 0x0000000100000000)
  region size 1024K, 39 young (39936K), 3 survivors (3072K)
 Metaspace       used 80285K, committed 82432K, reserved 1179648K
  class space    used 11483K, committed 12544K, reserved 1048576K
}
Event: 135.701 GC heap after
{Heap after GC invocations=36 (full 0):
 garbage-first heap   total 126976K, used 75891K [0x0000000080000000, 0x0000000100000000)
  region size 1024K, 4 young (4096K), 4 survivors (4096K)
 Metaspace       used 80285K, committed 82432K, reserved 1179648K
  class space    used 11483K, committed 12544K, reserved 1048576K
}
Event: 144.852 GC heap before
{Heap before GC invocations=37 (full 0):
 garbage-first heap   total 128000K, used 113779K [0x0000000080000000, 0x0000000100000000)
  region size 1024K, 41 young (41984K), 4 survivors (4096K)
 Metaspace       used 82917K, committed 85056K, reserved 1179648K
  class space    used 11940K, committed 12992K, reserved 1048576K
}
Event: 144.872 GC heap after
{Heap after GC invocations=38 (full 0):
 garbage-first heap   total 128000K, used 77801K [0x0000000080000000, 0x0000000100000000)
  region size 1024K, 5 young (5120K), 5 survivors (5120K)
 Metaspace       used 82917K, committed 85056K, reserved 1179648K
  class space    used 11940K, committed 12992K, reserved 1048576K
}
Event: 151.887 GC heap before
{Heap before GC invocations=38 (full 0):
 garbage-first heap   total 128000K, used 120809K [0x0000000080000000, 0x0000000100000000)
  region size 1024K, 43 young (44032K), 5 survivors (5120K)
 Metaspace       used 86279K, committed 88512K, reserved 1179648K
  class space    used 12277K, committed 13376K, reserved 1048576K
}
Event: 151.916 GC heap after
{Heap after GC invocations=39 (full 0):
 garbage-first heap   total 132096K, used 80194K [0x0000000080000000, 0x0000000100000000)
  region size 1024K, 6 young (6144K), 6 survivors (6144K)
 Metaspace       used 86279K, committed 88512K, reserved 1179648K
  class space    used 12277K, committed 13376K, reserved 1048576K
}
Event: 156.498 GC heap before
{Heap before GC invocations=39 (full 0):
 garbage-first heap   total 132096K, used 91458K [0x0000000080000000, 0x0000000100000000)
  region size 1024K, 19 young (19456K), 6 survivors (6144K)
 Metaspace       used 86980K, committed 89216K, reserved 1179648K
  class space    used 12338K, committed 13440K, reserved 1048576K
}
Event: 156.513 GC heap after
{Heap after GC invocations=40 (full 0):
 garbage-first heap   total 132096K, used 83152K [0x0000000080000000, 0x0000000100000000)
  region size 1024K, 6 young (6144K), 6 survivors (6144K)
 Metaspace       used 86980K, committed 89216K, reserved 1179648K
  class space    used 12338K, committed 13440K, reserved 1048576K
}
Event: 165.097 GC heap before
{Heap before GC invocations=41 (full 0):
 garbage-first heap   total 148480K, used 124112K [0x0000000080000000, 0x0000000100000000)
  region size 1024K, 41 young (41984K), 6 survivors (6144K)
 Metaspace       used 89968K, committed 92160K, reserved 1179648K
  class space    used 12679K, committed 13760K, reserved 1048576K
}
Event: 165.228 GC heap after
{Heap after GC invocations=42 (full 0):
 garbage-first heap   total 148480K, used 84993K [0x0000000080000000, 0x0000000100000000)
  region size 1024K, 3 young (3072K), 3 survivors (3072K)
 Metaspace       used 89968K, committed 92160K, reserved 1179648K
  class space    used 12679K, committed 13760K, reserved 1048576K
}

Dll operation events (20 events):
Event: 0.619 Attempting to load shared library C:\Users\M_irv\.antigravity-ide\extensions\redhat.java-1.56.0-win32-x64\jre\21.0.12.1-win32-x86_64\bin\nio.dll
Event: 0.620 Loaded shared library C:\Users\M_irv\.antigravity-ide\extensions\redhat.java-1.56.0-win32-x64\jre\21.0.12.1-win32-x86_64\bin\nio.dll
Event: 0.626 Attempting to load shared library C:\Users\M_irv\.antigravity-ide\extensions\redhat.java-1.56.0-win32-x64\jre\21.0.12.1-win32-x86_64\bin\zip.dll
Event: 0.626 Loaded shared library C:\Users\M_irv\.antigravity-ide\extensions\redhat.java-1.56.0-win32-x64\jre\21.0.12.1-win32-x86_64\bin\zip.dll
Event: 1.555 Attempting to load shared library C:\Users\M_irv\.antigravity-ide\extensions\redhat.java-1.56.0-win32-x64\jre\21.0.12.1-win32-x86_64\bin\jimage.dll
Event: 1.555 Loaded shared library C:\Users\M_irv\.antigravity-ide\extensions\redhat.java-1.56.0-win32-x64\jre\21.0.12.1-win32-x86_64\bin\jimage.dll
Event: 2.665 Attempting to load shared library C:\Users\M_irv\.antigravity-ide\extensions\redhat.java-1.56.0-win32-x64\jre\21.0.12.1-win32-x86_64\bin\verify.dll
Event: 2.668 Loaded shared library C:\Users\M_irv\.antigravity-ide\extensions\redhat.java-1.56.0-win32-x64\jre\21.0.12.1-win32-x86_64\bin\verify.dll
Event: 2.759 Attempting to load shared library C:\Users\M_irv\.gradle\native\660c5614fbf4a5f2a75b1949f50a0caf5cd603558e7d8a26e50b933a0cfb79d1\windows-amd64\native-platform.dll
Event: 2.761 Loaded shared library C:\Users\M_irv\.gradle\native\660c5614fbf4a5f2a75b1949f50a0caf5cd603558e7d8a26e50b933a0cfb79d1\windows-amd64\native-platform.dll
Event: 2.803 Attempting to load shared library C:\Users\M_irv\.gradle\native\0.2.8\x86_64-windows-gnu\gradle-fileevents.dll
Event: 2.806 Loaded shared library C:\Users\M_irv\.gradle\native\0.2.8\x86_64-windows-gnu\gradle-fileevents.dll
Event: 7.940 Attempting to load shared library C:\Users\M_irv\.antigravity-ide\extensions\redhat.java-1.56.0-win32-x64\jre\21.0.12.1-win32-x86_64\bin\management.dll
Event: 7.942 Loaded shared library C:\Users\M_irv\.antigravity-ide\extensions\redhat.java-1.56.0-win32-x64\jre\21.0.12.1-win32-x86_64\bin\management.dll
Event: 7.949 Attempting to load shared library C:\Users\M_irv\.antigravity-ide\extensions\redhat.java-1.56.0-win32-x64\jre\21.0.12.1-win32-x86_64\bin\management_ext.dll
Event: 7.951 Loaded shared library C:\Users\M_irv\.antigravity-ide\extensions\redhat.java-1.56.0-win32-x64\jre\21.0.12.1-win32-x86_64\bin\management_ext.dll
Event: 10.106 Attempting to load shared library C:\Users\M_irv\.antigravity-ide\extensions\redhat.java-1.56.0-win32-x64\jre\21.0.12.1-win32-x86_64\bin\extnet.dll
Event: 10.123 Loaded shared library C:\Users\M_irv\.antigravity-ide\extensions\redhat.java-1.56.0-win32-x64\jre\21.0.12.1-win32-x86_64\bin\extnet.dll
Event: 11.149 Attempting to load shared library C:\Users\M_irv\.antigravity-ide\extensions\redhat.java-1.56.0-win32-x64\jre\21.0.12.1-win32-x86_64\bin\sunmscapi.dll
Event: 11.166 Loaded shared library C:\Users\M_irv\.antigravity-ide\extensions\redhat.java-1.56.0-win32-x64\jre\21.0.12.1-win32-x86_64\bin\sunmscapi.dll

Deoptimization events (20 events):
Event: 157.388 Thread 0x00000235fc311a10 DEOPT PACKING pc=0x00000235aafce7a8 sp=0x0000008cc8ff9430
Event: 157.388 Thread 0x00000235fc311a10 DEOPT UNPACKING pc=0x00000235aa674422 sp=0x0000008cc8ff9348 mode 2
Event: 157.439 Thread 0x00000235fc311a10 Uncommon trap: trap_request=0xffffff45 fr.pc=0x00000235aadf33e4 relative=0x00000000000008e4
Event: 157.439 Thread 0x00000235fc311a10 Uncommon trap: reason=unstable_if action=reinterpret pc=0x00000235aadf33e4 method=org.objectweb.asm.Frame.execute(IILorg/objectweb/asm/Symbol;Lorg/objectweb/asm/SymbolTable;)V @ 1 c2
Event: 157.439 Thread 0x00000235fc311a10 DEOPT PACKING pc=0x00000235aadf33e4 sp=0x0000008cc8ff8e90
Event: 157.439 Thread 0x00000235fc311a10 DEOPT UNPACKING pc=0x00000235aa674422 sp=0x0000008cc8ff8e18 mode 2
Event: 159.424 Thread 0x00000235fc311a10 DEOPT PACKING pc=0x00000235a3d2ef75 sp=0x0000008cc8ff9460
Event: 159.424 Thread 0x00000235fc311a10 DEOPT UNPACKING pc=0x00000235aa674bc2 sp=0x0000008cc8ff8998 mode 0
Event: 160.297 Thread 0x00000235fc311a10 DEOPT PACKING pc=0x00000235a41370b7 sp=0x0000008cc8ff9360
Event: 160.297 Thread 0x00000235fc311a10 DEOPT UNPACKING pc=0x00000235aa674bc2 sp=0x0000008cc8ff8940 mode 0
Event: 170.939 Thread 0x00000235fc311a10 DEOPT PACKING pc=0x00000235a41370b7 sp=0x0000008cc8ff9360
Event: 170.939 Thread 0x00000235fc311a10 DEOPT UNPACKING pc=0x00000235aa674bc2 sp=0x0000008cc8ff8940 mode 0
Event: 181.534 Thread 0x00000235fc311a10 Uncommon trap: trap_request=0xffffffd6 fr.pc=0x00000235ab0fbb34 relative=0x0000000000000854
Event: 181.538 Thread 0x00000235fc311a10 Uncommon trap: reason=array_check action=maybe_recompile pc=0x00000235ab0fbb34 method=java.util.TimSort.binarySort([Ljava/lang/Object;IIILjava/util/Comparator;)V @ 193 c2
Event: 181.539 Thread 0x00000235fc311a10 DEOPT PACKING pc=0x00000235ab0fbb34 sp=0x0000008cc8ff9360
Event: 181.543 Thread 0x00000235fc311a10 DEOPT UNPACKING pc=0x00000235aa674422 sp=0x0000008cc8ff92f8 mode 2
Event: 183.759 Thread 0x00000235fc311a10 Uncommon trap: trap_request=0xfffffff4 fr.pc=0x00000235ab0f1b34 relative=0x0000000000009ef4
Event: 183.759 Thread 0x00000235fc311a10 Uncommon trap: reason=null_check action=make_not_entrant pc=0x00000235ab0f1b34 method=org.gradle.internal.instantiation.generator.AbstractClassGenerator$PropertyMetadata.addGetter(Lorg/gradle/internal/instantiation/generator/AbstractClassGenerator$MethodM
Event: 183.759 Thread 0x00000235fc311a10 DEOPT PACKING pc=0x00000235ab0f1b34 sp=0x0000008cc8ff93c0
Event: 183.759 Thread 0x00000235fc311a10 DEOPT UNPACKING pc=0x00000235aa674422 sp=0x0000008cc8ff9340 mode 2

Classes loaded (20 events):
Event: 132.542 Loading class java/util/AbstractMap$2$1
Event: 132.543 Loading class java/util/AbstractMap$2$1 done
Event: 132.543 Loading class java/io/Console$1
Event: 132.544 Loading class jdk/internal/access/JavaIOAccess
Event: 132.544 Loading class jdk/internal/access/JavaIOAccess done
Event: 132.544 Loading class java/io/Console$1 done
Event: 136.040 Loading class java/beans/PropertyChangeListener
Event: 136.044 Loading class java/beans/PropertyChangeListener done
Event: 150.359 Loading class java/lang/AbstractMethodError
Event: 150.359 Loading class java/lang/AbstractMethodError done
Event: 150.642 Loading class java/nio/charset/UnsupportedCharsetException
Event: 150.642 Loading class java/nio/charset/UnsupportedCharsetException done
Event: 157.168 Loading class java/util/concurrent/ConcurrentLinkedQueue$Itr
Event: 157.169 Loading class java/util/concurrent/ConcurrentLinkedQueue$Itr done
Event: 158.957 Loading class java/util/stream/ReduceOps$5
Event: 158.957 Loading class java/util/stream/ReduceOps$5 done
Event: 158.957 Loading class java/util/stream/ReduceOps$CountingSink$OfRef
Event: 158.957 Loading class java/util/stream/ReduceOps$CountingSink
Event: 158.958 Loading class java/util/stream/ReduceOps$CountingSink done
Event: 158.958 Loading class java/util/stream/ReduceOps$CountingSink$OfRef done

Classes unloaded (0 events):
No events

Classes redefined (0 events):
No events

Internal exceptions (20 events):
Event: 115.254 Thread 0x00000235fc311a10 Exception <a 'java/lang/NoSuchMethodError'{0x0000000086de8350}: 'java.lang.Object java.lang.invoke.DirectMethodHandle$Holder.invokeVirtual(java.lang.Object, java.lang.Object, java.lang.Object, java.lang.Object, java.lang.Object, java.lang.Object, java.lang.Object, java.lang.Object, java.lang.Object, java.lang.Object, java.lang.Object, java.lang.Object, java.lang.Object, java.lang.Object, java.lang.Object, java.lang.Object, java.lang.Object)'> (0x0000000086de8350) 
thrown [s\src\hotspot\share\interpreter\li
Event: 115.255 Thread 0x00000235fc311a10 Exception <a 'java/lang/NoSuchMethodError'{0x0000000086dee678}: 'java.lang.Object java.lang.invoke.DirectMethodHandle$Holder.invokeSpecial(java.lang.Object, java.lang.Object, java.lang.Object, java.lang.Object, java.lang.Object, java.lang.Object, java.lang.Object, java.lang.Object, java.lang.Object, java.lang.Object, java.lang.Object, java.lang.Object, java.lang.Object, java.lang.Object, java.lang.Object, java.lang.Object, java.lang.Object, java.lang.Object)'> (0x0000000086dee678) 
thrown [s\src\hotspot\sh
Event: 115.269 Thread 0x00000235fc311a10 Exception <a 'java/lang/NoSuchMethodError'{0x0000000086df41a0}: 'java.lang.Object java.lang.invoke.DelegatingMethodHandle$Holder.reinvoke_L(java.lang.Object, java.lang.Object, java.lang.Object, java.lang.Object, java.lang.Object, java.lang.Object, java.lang.Object, java.lang.Object, java.lang.Object, java.lang.Object, java.lang.Object, java.lang.Object, java.lang.Object, java.lang.Object, java.lang.Object, java.lang.Object, java.lang.Object)'> (0x0000000086df41a0) 
thrown [s\src\hotspot\share\interpreter\l
Event: 117.299 Thread 0x00000235fc311a10 Exception <a 'java/lang/NoSuchMethodError'{0x00000000874adbf8}: 'java.lang.Object java.lang.invoke.DirectMethodHandle$Holder.newInvokeSpecial(java.lang.Object, java.lang.Object, java.lang.Object, java.lang.Object, java.lang.Object, java.lang.Object, java.lang.Object, java.lang.Object, java.lang.Object, java.lang.Object, java.lang.Object, java.lang.Object, java.lang.Object, java.lang.Object)'> (0x00000000874adbf8) 
thrown [s\src\hotspot\share\interpreter\linkResolver.cpp, line 773]
Event: 132.473 Thread 0x00000235fc311a10 Exception <a 'java/lang/NoSuchMethodError'{0x00000000868769f8}: 'java.lang.Object java.lang.invoke.DirectMethodHandle$Holder.invokeStaticInit(java.lang.Object, int)'> (0x00000000868769f8) 
thrown [s\src\hotspot\share\interpreter\linkResolver.cpp, line 773]
Event: 132.508 Thread 0x00000235fc311a10 Exception <a 'java/lang/NoSuchMethodError'{0x0000000086883a18}: 'java.lang.Object java.lang.invoke.DirectMethodHandle$Holder.invokeStatic(java.lang.Object, int, java.lang.Object)'> (0x0000000086883a18) 
thrown [s\src\hotspot\share\interpreter\linkResolver.cpp, line 773]
Event: 132.509 Thread 0x00000235fc311a10 Exception <a 'java/lang/NoSuchMethodError'{0x0000000086888300}: 'java.lang.Object java.lang.invoke.DirectMethodHandle$Holder.invokeStaticInit(java.lang.Object, int, java.lang.Object)'> (0x0000000086888300) 
thrown [s\src\hotspot\share\interpreter\linkResolver.cpp, line 773]
Event: 134.130 Thread 0x00000235fc311a10 Implicit null exception at 0x00000235ab05cdd7 to 0x00000235ab05d778
Event: 143.076 Thread 0x00000235fc311a10 Implicit null exception at 0x00000235ab00d010 to 0x00000235ab00d151
Event: 143.485 Thread 0x00000235fc311a10 Exception <a 'java/lang/NoSuchMethodError'{0x000000008591bb70}: 'java.lang.Object java.lang.invoke.Invokers$Holder.invokeExact_MT(java.lang.Object, java.lang.Object, java.lang.Object, int, java.lang.Object, java.lang.Object)'> (0x000000008591bb70) 
thrown [s\src\hotspot\share\interpreter\linkResolver.cpp, line 773]
Event: 148.444 Thread 0x00000235fc311a10 Implicit null exception at 0x00000235aaf8c4ba to 0x00000235aaf8c4f4
Event: 149.338 Thread 0x00000235fc311a10 Exception <a 'java/lang/ClassNotFoundException'{0x0000000086c94d10}: com/android/build/gradle/internal/api/ApkVariantOutputImpl_DecoratedBeanInfo> (0x0000000086c94d10) 
thrown [s\src\hotspot\share\classfile\systemDictionary.cpp, line 313]
Event: 149.343 Thread 0x00000235fc311a10 Exception <a 'java/lang/ClassNotFoundException'{0x0000000086ca5050}: com/android/build/gradle/internal/api/ApkVariantOutputImplBeanInfo> (0x0000000086ca5050) 
thrown [s\src\hotspot\share\classfile\systemDictionary.cpp, line 313]
Event: 149.346 Thread 0x00000235fc311a10 Exception <a 'java/lang/ClassNotFoundException'{0x0000000086cb5bd0}: com/android/build/gradle/internal/api/BaseVariantOutputImplBeanInfo> (0x0000000086cb5bd0) 
thrown [s\src\hotspot\share\classfile\systemDictionary.cpp, line 313]
Event: 149.352 Thread 0x00000235fc311a10 Exception <a 'java/lang/ClassNotFoundException'{0x0000000086cc5f18}: com/android/build/gradle/internal/api/BaseVariantOutputImplCustomizer> (0x0000000086cc5f18) 
thrown [s\src\hotspot\share\classfile\systemDictionary.cpp, line 313]
Event: 149.370 Thread 0x00000235fc311a10 Exception <a 'java/lang/ClassNotFoundException'{0x0000000086ce98b8}: com/android/build/gradle/internal/api/ApkVariantOutputImplCustomizer> (0x0000000086ce98b8) 
thrown [s\src\hotspot\share\classfile\systemDictionary.cpp, line 313]
Event: 149.384 Thread 0x00000235fc311a10 Exception <a 'java/lang/ClassNotFoundException'{0x0000000086b08f68}: com/android/build/gradle/internal/api/ApkVariantOutputImpl_DecoratedCustomizer> (0x0000000086b08f68) 
thrown [s\src\hotspot\share\classfile\systemDictionary.cpp, line 313]
Event: 156.292 Thread 0x00000235fc311a10 Exception <a 'java/lang/NoSuchMethodError'{0x00000000870a1b28}: static Lcom/android/build/gradle/internal/profile/ProjectData;.<clinit>()V> (0x00000000870a1b28) 
thrown [s\src\hotspot\share\prims\jni.cpp, line 1111]
Event: 157.153 Thread 0x00000235fc311a10 Exception <a 'sun/nio/fs/WindowsException'{0x00000000ffd8b6c8}> (0x00000000ffd8b6c8) 
thrown [s\src\hotspot\share\prims\jni.cpp, line 520]
Event: 183.759 Thread 0x00000235fc311a10 Implicit null exception at 0x00000235ab0e9a17 to 0x00000235ab0f1a90

ZGC Phase Switch (0 events):
No events

VM Operations (20 events):
Event: 158.613 Executing safepoint VM operation: Cleanup
Event: 158.676 Executing safepoint VM operation: Cleanup done
Event: 158.885 Executing non-safepoint VM operation: HandshakeAllThreads (Deoptimize)
Event: 158.885 Executing non-safepoint VM operation: HandshakeAllThreads (Deoptimize) done
Event: 159.895 Executing safepoint VM operation: Cleanup
Event: 159.912 Executing safepoint VM operation: Cleanup done
Event: 160.917 Executing safepoint VM operation: Cleanup
Event: 160.918 Executing safepoint VM operation: Cleanup done
Event: 161.927 Executing safepoint VM operation: Cleanup
Event: 161.943 Executing safepoint VM operation: Cleanup done
Event: 162.947 Executing safepoint VM operation: Cleanup
Event: 162.948 Executing safepoint VM operation: Cleanup done
Event: 163.962 Executing safepoint VM operation: Cleanup
Event: 163.962 Executing safepoint VM operation: Cleanup done
Event: 164.968 Executing safepoint VM operation: Cleanup
Event: 165.000 Executing safepoint VM operation: Cleanup done
Event: 165.097 Executing safepoint VM operation: G1CollectForAllocation (G1 Evacuation Pause)
Event: 165.228 Executing safepoint VM operation: G1CollectForAllocation (G1 Evacuation Pause) done
Event: 181.604 Executing safepoint VM operation: Cleanup
Event: 181.714 Executing safepoint VM operation: Cleanup done

Memory protections (0 events):
No events

Nmethod flushes (20 events):
Event: 156.888 Thread 0x00000235b6d80340 flushing  nmethod 0x00000235a3c5f910
Event: 156.888 Thread 0x00000235b6d80340 flushing  nmethod 0x00000235aae6ce90
Event: 156.888 Thread 0x00000235b6d80340 flushing  nmethod 0x00000235a31cf290
Event: 156.888 Thread 0x00000235b6d80340 flushing  nmethod 0x00000235a3298790
Event: 156.888 Thread 0x00000235b6d80340 flushing  nmethod 0x00000235a32a2210
Event: 156.888 Thread 0x00000235b6d80340 flushing  nmethod 0x00000235a3557d10
Event: 156.888 Thread 0x00000235b6d80340 flushing  nmethod 0x00000235a36c4e90
Event: 156.888 Thread 0x00000235b6d80340 flushing  nmethod 0x00000235a37ac990
Event: 156.888 Thread 0x00000235b6d80340 flushing  nmethod 0x00000235a37eb890
Event: 156.888 Thread 0x00000235b6d80340 flushing  nmethod 0x00000235a382ae10
Event: 156.888 Thread 0x00000235b6d80340 flushing  nmethod 0x00000235a382b210
Event: 156.888 Thread 0x00000235b6d80340 flushing  nmethod 0x00000235a3853310
Event: 156.888 Thread 0x00000235b6d80340 flushing  nmethod 0x00000235a3875690
Event: 156.888 Thread 0x00000235b6d80340 flushing  nmethod 0x00000235a3a99290
Event: 156.888 Thread 0x00000235b6d80340 flushing  nmethod 0x00000235a3d1aa10
Event: 156.888 Thread 0x00000235b6d80340 flushing  nmethod 0x00000235a3e15490
Event: 156.889 Thread 0x00000235b6d80340 flushing  nmethod 0x00000235a3e7cf10
Event: 156.889 Thread 0x00000235b6d80340 flushing  nmethod 0x00000235a3e7de10
Event: 156.889 Thread 0x00000235b6d80340 flushing  nmethod 0x00000235a3e8ad90
Event: 156.889 Thread 0x00000235b6d80340 flushing  nmethod 0x00000235a3f1d210

Events (20 events):
Event: 11.428 Thread 0x00000235fc311a10 Thread added: 0x00000235fd1577c0
Event: 13.221 Thread 0x00000235fc311a10 Thread added: 0x00000235fd157130
Event: 13.245 Thread 0x00000235fc311a10 Thread added: 0x00000235fd157e50
Event: 14.007 Thread 0x00000235fc311a10 Thread added: 0x00000235fd1584e0
Event: 16.923 Thread 0x00000235fd157e50 Thread added: 0x00000235fd155060
Event: 17.574 Thread 0x00000235fc311a10 Thread added: 0x00000235fe1c6900
Event: 17.611 Thread 0x00000235fc311a10 Thread added: 0x00000235fe1c7620
Event: 18.267 Thread 0x00000235fc311a10 Thread added: 0x00000235fe1ca410
Event: 18.303 Thread 0x00000235fc311a10 Thread added: 0x00000235fe1c8340
Event: 19.092 Thread 0x00000235fc311a10 Thread added: 0x00000235fe1c9d80
Event: 19.452 Thread 0x00000235fc311a10 Thread added: 0x00000235fe1c6f90
Event: 21.078 Thread 0x00000235fc311a10 Thread added: 0x00000235fe1c89d0
Event: 21.228 Thread 0x00000235fc311a10 Thread added: 0x00000235fe1c9060
Event: 26.709 Thread 0x00000235fc311a10 Thread added: 0x00000235fe1c7cb0
Event: 26.882 Thread 0x00000235fc311a10 Thread added: 0x00000235fe1cb7c0
Event: 27.032 Thread 0x00000235fc311a10 Thread added: 0x00000235fe1cdf20
Event: 32.996 Thread 0x00000235fc311a10 Thread added: 0x00000235fe1cc4e0
Event: 44.113 Thread 0x00000235fc311a10 Thread added: 0x00000235fe1ccb70
Event: 47.401 Thread 0x00000235fc311a10 Thread added: 0x00000235ff3485e0
Event: 157.165 Thread 0x00000235fc311a10 Thread added: 0x00000235ff34e850


Dynamic libraries:
0x00007ff6a77c0000 - 0x00007ff6a77ce000 	C:\Users\M_irv\.antigravity-ide\extensions\redhat.java-1.56.0-win32-x64\jre\21.0.12.1-win32-x86_64\bin\java.exe
0x00007ffe51220000 - 0x00007ffe51487000 	C:\WINDOWS\SYSTEM32\ntdll.dll
0x00007ffe4fef0000 - 0x00007ffe4ffbb000 	C:\WINDOWS\System32\KERNEL32.DLL
0x00007ffe4e6e0000 - 0x00007ffe4eae2000 	C:\WINDOWS\System32\KERNELBASE.dll
0x00007ffe4ede0000 - 0x00007ffe4ef2c000 	C:\WINDOWS\System32\ucrtbase.dll
0x00007ffe18580000 - 0x00007ffe18598000 	C:\Users\M_irv\.antigravity-ide\extensions\redhat.java-1.56.0-win32-x64\jre\21.0.12.1-win32-x86_64\bin\jli.dll
0x00007ffe4f320000 - 0x00007ffe4f4ef000 	C:\WINDOWS\System32\USER32.dll
0x00007ffe4edb0000 - 0x00007ffe4edd7000 	C:\WINDOWS\System32\win32u.dll
0x00007ffe4f840000 - 0x00007ffe4f86b000 	C:\WINDOWS\System32\GDI32.dll
0x00007ffe4e420000 - 0x00007ffe4e549000 	C:\WINDOWS\System32\gdi32full.dll
0x00007ffe4ec40000 - 0x00007ffe4ece3000 	C:\WINDOWS\System32\msvcp_win.dll
0x00007ffe15bc0000 - 0x00007ffe15bde000 	C:\Users\M_irv\.antigravity-ide\extensions\redhat.java-1.56.0-win32-x64\jre\21.0.12.1-win32-x86_64\bin\VCRUNTIME140.dll
0x00007ffe33ee0000 - 0x00007ffe34170000 	C:\WINDOWS\WinSxS\amd64_microsoft.windows.common-controls_6595b64144ccf1df_6.0.26100.9278_none_3e0d1ba8e3303201\COMCTL32.dll
0x00007ffe4f130000 - 0x00007ffe4f1d9000 	C:\WINDOWS\System32\msvcrt.dll
0x00007ffe4f0f0000 - 0x00007ffe4f121000 	C:\WINDOWS\System32\IMM32.DLL
0x00007ffe44b60000 - 0x00007ffe44b6c000 	C:\Users\M_irv\.antigravity-ide\extensions\redhat.java-1.56.0-win32-x64\jre\21.0.12.1-win32-x86_64\bin\vcruntime140_1.dll
0x00007ffde1250000 - 0x00007ffde12dd000 	C:\Users\M_irv\.antigravity-ide\extensions\redhat.java-1.56.0-win32-x64\jre\21.0.12.1-win32-x86_64\bin\msvcp140.dll
0x00007ffda4160000 - 0x00007ffda4f02000 	C:\Users\M_irv\.antigravity-ide\extensions\redhat.java-1.56.0-win32-x64\jre\21.0.12.1-win32-x86_64\bin\server\jvm.dll
0x00007ffe50ea0000 - 0x00007ffe50f5c000 	C:\WINDOWS\System32\ADVAPI32.dll
0x00007ffe50de0000 - 0x00007ffe50e89000 	C:\WINDOWS\System32\sechost.dll
0x00007ffe50fc0000 - 0x00007ffe510d8000 	C:\WINDOWS\System32\RPCRT4.dll
0x00007ffe4f270000 - 0x00007ffe4f2f0000 	C:\WINDOWS\System32\WS2_32.dll
0x00007ffe4e280000 - 0x00007ffe4e2de000 	C:\WINDOWS\SYSTEM32\POWRPROF.dll
0x00007ffe47100000 - 0x00007ffe47136000 	C:\WINDOWS\SYSTEM32\WINMM.dll
0x00007ffe47140000 - 0x00007ffe4714b000 	C:\WINDOWS\SYSTEM32\VERSION.dll
0x00007ffe4e260000 - 0x00007ffe4e275000 	C:\WINDOWS\SYSTEM32\UMPDC.dll
0x00007ffe4d0f0000 - 0x00007ffe4d10b000 	C:\WINDOWS\SYSTEM32\kernel.appcore.dll
0x00007ffe39c40000 - 0x00007ffe39c4a000 	C:\Users\M_irv\.antigravity-ide\extensions\redhat.java-1.56.0-win32-x64\jre\21.0.12.1-win32-x86_64\bin\jimage.dll
0x00007ffe42870000 - 0x00007ffe42abc000 	C:\WINDOWS\SYSTEM32\DBGHELP.DLL
0x00007ffe4ffc0000 - 0x00007ffe50345000 	C:\WINDOWS\System32\combase.dll
0x00007ffe50560000 - 0x00007ffe50639000 	C:\WINDOWS\System32\OLEAUT32.dll
0x00007ffe33030000 - 0x00007ffe3306b000 	C:\WINDOWS\SYSTEM32\dbgcore.DLL
0x00007ffe4eb80000 - 0x00007ffe4ec2c000 	C:\WINDOWS\System32\bcryptPrimitives.dll
0x00007ffe09940000 - 0x00007ffe0994f000 	C:\Users\M_irv\.antigravity-ide\extensions\redhat.java-1.56.0-win32-x64\jre\21.0.12.1-win32-x86_64\bin\instrument.dll
0x00007ffe15680000 - 0x00007ffe156a0000 	C:\Users\M_irv\.antigravity-ide\extensions\redhat.java-1.56.0-win32-x64\jre\21.0.12.1-win32-x86_64\bin\java.dll
0x00007ffe50640000 - 0x00007ffe50dd8000 	C:\WINDOWS\System32\SHELL32.dll
0x00007ffe4bec0000 - 0x00007ffe4c76e000 	C:\WINDOWS\SYSTEM32\windows.storage.dll
0x00007ffe4f6e0000 - 0x00007ffe4f7db000 	C:\WINDOWS\System32\SHCORE.dll
0x00007ffe50350000 - 0x00007ffe503b6000 	C:\WINDOWS\System32\shlwapi.dll
0x00007ffe4e340000 - 0x00007ffe4e369000 	C:\WINDOWS\SYSTEM32\profapi.dll
0x00007ffe15130000 - 0x00007ffe15148000 	C:\Users\M_irv\.antigravity-ide\extensions\redhat.java-1.56.0-win32-x64\jre\21.0.12.1-win32-x86_64\bin\zip.dll
0x00007ffe18bb0000 - 0x00007ffe18bc0000 	C:\Users\M_irv\.antigravity-ide\extensions\redhat.java-1.56.0-win32-x64\jre\21.0.12.1-win32-x86_64\bin\net.dll
0x00007ffe445c0000 - 0x00007ffe446ea000 	C:\WINDOWS\SYSTEM32\WINHTTP.dll
0x00007ffe4d6b0000 - 0x00007ffe4d71c000 	C:\WINDOWS\system32\mswsock.dll
0x00007ffe15110000 - 0x00007ffe15126000 	C:\Users\M_irv\.antigravity-ide\extensions\redhat.java-1.56.0-win32-x64\jre\21.0.12.1-win32-x86_64\bin\nio.dll
0x00007ffe386b0000 - 0x00007ffe386c0000 	C:\Users\M_irv\.antigravity-ide\extensions\redhat.java-1.56.0-win32-x64\jre\21.0.12.1-win32-x86_64\bin\verify.dll
0x00007ffe39d60000 - 0x00007ffe39d87000 	C:\Users\M_irv\.gradle\native\660c5614fbf4a5f2a75b1949f50a0caf5cd603558e7d8a26e50b933a0cfb79d1\windows-amd64\native-platform.dll
0x00007ffddffa0000 - 0x00007ffde0017000 	C:\Users\M_irv\.gradle\native\0.2.8\x86_64-windows-gnu\gradle-fileevents.dll
0x00007ffe139f0000 - 0x00007ffe139fa000 	C:\Users\M_irv\.antigravity-ide\extensions\redhat.java-1.56.0-win32-x64\jre\21.0.12.1-win32-x86_64\bin\management.dll
0x00007ffe09920000 - 0x00007ffe0992c000 	C:\Users\M_irv\.antigravity-ide\extensions\redhat.java-1.56.0-win32-x64\jre\21.0.12.1-win32-x86_64\bin\management_ext.dll
0x00007ffe4f9d0000 - 0x00007ffe4f9d8000 	C:\WINDOWS\System32\PSAPI.DLL
0x00007ffe4cb10000 - 0x00007ffe4cb43000 	C:\WINDOWS\SYSTEM32\IPHLPAPI.DLL
0x00007ffe4eff0000 - 0x00007ffe4effa000 	C:\WINDOWS\System32\NSI.dll
0x00007ffe09930000 - 0x00007ffe09939000 	C:\Users\M_irv\.antigravity-ide\extensions\redhat.java-1.56.0-win32-x64\jre\21.0.12.1-win32-x86_64\bin\extnet.dll
0x00007ffe4d9a0000 - 0x00007ffe4d9bb000 	C:\WINDOWS\SYSTEM32\CRYPTSP.dll
0x00007ffe4d050000 - 0x00007ffe4d089000 	C:\WINDOWS\system32\rsaenh.dll
0x00007ffe4d760000 - 0x00007ffe4d794000 	C:\WINDOWS\SYSTEM32\USERENV.dll
0x00007ffe4e310000 - 0x00007ffe4e33a000 	C:\WINDOWS\SYSTEM32\bcrypt.dll
0x00007ffe4d9c0000 - 0x00007ffe4d9cc000 	C:\WINDOWS\SYSTEM32\CRYPTBASE.dll
0x00007ffe09910000 - 0x00007ffe0991e000 	C:\Users\M_irv\.antigravity-ide\extensions\redhat.java-1.56.0-win32-x64\jre\21.0.12.1-win32-x86_64\bin\sunmscapi.dll
0x00007ffe4e550000 - 0x00007ffe4e6ce000 	C:\WINDOWS\System32\CRYPT32.dll
0x00007ffe4dbe0000 - 0x00007ffe4dc10000 	C:\WINDOWS\SYSTEM32\ncrypt.dll
0x00007ffe4db90000 - 0x00007ffe4dbcf000 	C:\WINDOWS\SYSTEM32\NTASN1.dll
0x00007ffe249e0000 - 0x00007ffe249e8000 	C:\WINDOWS\system32\wshunix.dll

JVMTI agents:
C:\Users\M_irv\.gradle\wrapper\dists\gradle-9.4.1-bin\arn2x92ynaizyzdaamcbpbhtj\gradle-9.4.1\lib\agents\gradle-instrumentation-agent-9.4.1.jar path:C:\Users\M_irv\.antigravity-ide\extensions\redhat.java-1.56.0-win32-x64\jre\21.0.12.1-win32-x86_64\bin\instrument.dll, loaded, initialized, instrumentlib options:none

dbghelp: loaded successfully - version: 4.0.5 - missing functions: none
symbol engine: initialized successfully - sym options: 0x614 - pdb path: .;C:\Users\M_irv\.antigravity-ide\extensions\redhat.java-1.56.0-win32-x64\jre\21.0.12.1-win32-x86_64\bin;C:\WINDOWS\SYSTEM32;C:\WINDOWS\WinSxS\amd64_microsoft.windows.common-controls_6595b64144ccf1df_6.0.26100.9278_none_3e0d1ba8e3303201;C:\Users\M_irv\.antigravity-ide\extensions\redhat.java-1.56.0-win32-x64\jre\21.0.12.1-win32-x86_64\bin\server;C:\Users\M_irv\.gradle\native\660c5614fbf4a5f2a75b1949f50a0caf5cd603558e7d8a26e50b933a0cfb79d1\windows-amd64;C:\Users\M_irv\.gradle\native\0.2.8\x86_64-windows-gnu

VM Arguments:
jvm_args: --add-opens=java.base/java.lang=ALL-UNNAMED --add-opens=java.base/java.lang.invoke=ALL-UNNAMED --add-opens=java.base/java.util=ALL-UNNAMED --add-opens=java.prefs/java.util.prefs=ALL-UNNAMED --add-exports=jdk.compiler/com.sun.tools.javac.api=ALL-UNNAMED --add-exports=jdk.compiler/com.sun.tools.javac.util=ALL-UNNAMED --add-opens=java.base/java.util=ALL-UNNAMED --add-opens=java.prefs/java.util.prefs=ALL-UNNAMED --add-opens=java.base/java.nio.charset=ALL-UNNAMED --add-opens=java.base/java.net=ALL-UNNAMED --add-opens=java.base/java.util.concurrent=ALL-UNNAMED --add-opens=java.base/java.util.concurrent.atomic=ALL-UNNAMED --add-opens=java.xml/javax.xml.namespace=ALL-UNNAMED --add-opens=java.base/java.time=ALL-UNNAMED -Xmx2048m -Dfile.encoding=UTF-8 -Duser.country=ID -Duser.language=en -Duser.variant -javaagent:C:\Users\M_irv\.gradle\wrapper\dists\gradle-9.4.1-bin\arn2x92ynaizyzdaamcbpbhtj\gradle-9.4.1\lib\agents\gradle-instrumentation-agent-9.4.1.jar 
java_command: org.gradle.launcher.daemon.bootstrap.GradleDaemon 9.4.1
java_class_path (initial): C:\Users\M_irv\.gradle\wrapper\dists\gradle-9.4.1-bin\arn2x92ynaizyzdaamcbpbhtj\gradle-9.4.1\lib\gradle-daemon-main-9.4.1.jar
Launcher Type: SUN_STANDARD

[Global flags]
     intx CICompilerCount                          = 3                                         {product} {ergonomic}
     uint ConcGCThreads                            = 1                                         {product} {ergonomic}
     uint G1ConcRefinementThreads                  = 4                                         {product} {ergonomic}
   size_t G1HeapRegionSize                         = 1048576                                   {product} {ergonomic}
    uintx GCDrainStackTargetSize                   = 64                                        {product} {ergonomic}
   size_t InitialHeapSize                          = 100663296                                 {product} {ergonomic}
   size_t MarkStackSize                            = 4194304                                   {product} {ergonomic}
   size_t MaxHeapSize                              = 2147483648                                {product} {command line}
   size_t MaxNewSize                               = 1287651328                                {product} {ergonomic}
   size_t MinHeapDeltaBytes                        = 1048576                                   {product} {ergonomic}
   size_t MinHeapSize                              = 8388608                                   {product} {ergonomic}
    uintx NonNMethodCodeHeapSize                   = 5832780                                {pd product} {ergonomic}
    uintx NonProfiledCodeHeapSize                  = 122912730                              {pd product} {ergonomic}
    uintx ProfiledCodeHeapSize                     = 122912730                              {pd product} {ergonomic}
    uintx ReservedCodeCacheSize                    = 251658240                              {pd product} {ergonomic}
     bool SegmentedCodeCache                       = true                                      {product} {ergonomic}
   size_t SoftMaxHeapSize                          = 2147483648                             {manageable} {ergonomic}
     bool UseCompressedOops                        = true                           {product lp64_product} {ergonomic}
     bool UseG1GC                                  = true                                      {product} {ergonomic}
     bool UseLargePagesIndividualAllocation        = false                                  {pd product} {ergonomic}

Logging:
Log output configuration:
 #0: stdout all=warning uptime,level,tags foldmultilines=false
 #1: stderr all=off uptime,level,tags foldmultilines=false

Release file:
JAVA_VERSION="21.0.12.1" 
MODULES="java.base java.compiler java.datatransfer java.xml java.prefs java.desktop java.instrument java.logging java.management java.security.sasl java.naming java.rmi java.management.rmi java.net.http java.scripting java.security.jgss java.transaction.xa java.sql java.sql.rowset java.xml.crypto java.se java.smartcardio jdk.accessibility jdk.internal.jvmstat jdk.attach jdk.charsets jdk.internal.opt jdk.zipfs jdk.compiler jdk.crypto.ec jdk.crypto.cryptoki jdk.crypto.mscapi jdk.dynalink jdk.internal.ed jdk.editpad jdk.hotspot.agent jdk.httpserver jdk.internal.le jdk.internal.vm.ci jdk.internal.vm.compiler jdk.internal.vm.compiler.management jdk.jartool jdk.javadoc jdk.jcmd jdk.management jdk.management.agent jdk.jconsole jdk.jdeps jdk.jdwp.agent jdk.jdi jdk.jfr jdk.jshell jdk.jsobject jdk.jstatd jdk.localedata jdk.management.jfr jdk.naming.dns jdk.naming.rmi jdk.net jdk.nio.mapmode jdk.random jdk.sctp jdk.security.auth jdk.security.jgss jdk.unsupported jdk.unsupported.desktop jdk.xml.dom" 

Environment Variables:
PATH=C:\Program Files\Eclipse Adoptium\jre-8.0.452.9-hotspot\bin;C:\Program Files\Eclipse Adoptium\jdk-8.0.452.9-hotspot\bin;C:\oraclexe\app\oracle\product\10.2.0\server\bin;C:\WINDOWS\system32;C:\WINDOWS;C:\WINDOWS\System32\Wbem;C:\WINDOWS\System32\WindowsPowerShell\v1.0\;C:\WINDOWS\System32\OpenSSH\;C:\Program Files (x86)\Windows Kits\10\Windows Performance Toolkit\;C:\laragon\bin\php\php-8.3.30-Win32-vs16-x64;C:\Program Files\CMake\bin;C:\ninja;C:\Program Files\Microsoft Visual Studio\2022\Community\VC\Tools\MSVC\14.38.33130\bin\Hostx64\x64\cl.exe;C:\msys64\mingw64\bin;C:\ProgramData\ComposerSetup\bin;C:\Program Files\nodejs\;C:\Program Files\Git\cmd;C:\Users\M_irv\.config\herd\bin;C:\Users\M_irv\AppData\Local\Programs\Python\Python38\Scripts\;C:\Users\M_irv\AppData\Local\Programs\Python\Python38\;C:\Users\M_irv\AppData\Local\Programs\Python\Launcher\;C:\Users\M_irv\AppData\Local\Microsoft\WindowsApps;C:\Users\M_irv\AppData\Local\Programs\Microsoft VS Code\bin;C:\bin;C:\Users\M_irv\Downloads\UAS SO\apache-maven-3.9.10-bin\apache-maven-3.9.10\bin;C:\Program Files\JetBrains\IntelliJ IDEA 2025.2.1\bin;C:\Users\M_irv\AppData\Roaming\Composer\vendor\bin;C:\Users\M_irv\AppData\Roaming\npm;C:\Users\M_irv\AppData\Local\Programs\Antigravity IDE\bin
USERNAME=Salsabila Firzah
OS=Windows_NT
PROCESSOR_IDENTIFIER=AMD64 Family 23 Model 24 Stepping 1, AuthenticAMD
TMP=C:\Users\M_irv\AppData\Local\Temp
TEMP=C:\Users\M_irv\AppData\Local\Temp




Periodic native trim disabled

---------------  S Y S T E M  ---------------

OS:
 Windows 11 , 64 bit Build 26100 (10.0.26100.9444)
OS uptime: 1 days 0:19 hours

CPU: total 4 (initial active 4) (4 cores per cpu, 2 threads per core) family 23 model 24 stepping 1 microcode 0x8108109, cx8, cmov, fxsr, ht, mmx, 3dnowpref, sse, sse2, sse3, ssse3, sse4a, sse4.1, sse4.2, popcnt, lzcnt, tsc, tscinvbit, avx, avx2, aes, clmul, bmi1, bmi2, adx, sha, fma, vzeroupper, clflush, clflushopt, rdtscp, f16c
Processor Information for the first 4 processors :
  Max Mhz: 2600, Current Mhz: 2600, Mhz Limit: 2600

Memory: 4k page, system-wide physical 6023M (597M free)
TotalPageFile size 24455M (AvailPageFile size 6M)
current process WorkingSet (physical memory assigned to process): 59M, peak: 280M
current process commit charge ("private bytes"): 418M, peak: 442M

vm_info: OpenJDK 64-Bit Server VM (21.0.12.1+1-LTS) for windows-amd64 JRE (21.0.12.1+1-LTS), built on 2026-08-18T00:00:00Z by "admin" with MS VC++ 17.12 (VS2022)

END.
